2025-05-27 13:56:57,382 - INFO - Running crawler...
2025-05-27 13:56:57,382 - INFO - Loading existing data...
2025-05-27 13:56:57,382 - INFO - Crawling new data...
2025-05-27 13:57:23,011 - INFO - Loaded 12 more projects
2025-05-27 13:57:29,377 - INFO - Loaded 12 more projects
2025-05-27 13:57:29,859 - ERROR - Error during crawling: Message: stale element reference: stale element not found in the current frame
  (Session info: chrome=136.0.7103.114); For documentation on this error, please visit: https://www.selenium.dev/documentation/webdriver/troubleshooting/errors#stale-element-reference-exception
Stacktrace:
0   chromedriver                        0x00000001052143e0 cxxbridge1$str$ptr + 2829900
1   chromedriver                        0x000000010520c6a8 cxxbridge1$str$ptr + 2797844
2   chromedriver                        0x0000000104d49fbc cxxbridge1$string$len + 90140
3   chromedriver                        0x0000000104d4fc6c cxxbridge1$string$len + 113868
4   chromedriver                        0x0000000104d51fac cxxbridge1$string$len + 122892
5   chromedriver                        0x0000000104d52054 cxxbridge1$string$len + 123060
6   chromedriver                        0x0000000104d96c60 cxxbridge1$string$len + 404672
7   chromedriver                        0x0000000104d9528c cxxbridge1$string$len + 398060
8   chromedriver                        0x0000000104d930a0 cxxbridge1$string$len + 389376
9   chromedriver                        0x0000000104d9249c cxxbridge1$string$len + 386300
10  chromedriver                        0x0000000104d86f14 cxxbridge1$string$len + 339828
11  chromedriver                        0x0000000104d869a0 cxxbridge1$string$len + 338432
12  chromedriver                        0x0000000104dd2044 cxxbridge1$string$len + 647332
13  chromedriver                        0x0000000104d853f8 cxxbridge1$string$len + 332888
14  chromedriver                        0x00000001051d8804 cxxbridge1$str$ptr + 2585200
15  chromedriver                        0x00000001051dbad4 cxxbridge1$str$ptr + 2598208
16  chromedriver                        0x00000001051b9dd8 cxxbridge1$str$ptr + 2459716
17  chromedriver                        0x00000001051dc34c cxxbridge1$str$ptr + 2600376
18  chromedriver                        0x00000001051ab664 cxxbridge1$str$ptr + 2400464
19  chromedriver                        0x00000001051fc2b0 cxxbridge1$str$ptr + 2731292
20  chromedriver                        0x00000001051fc43c cxxbridge1$str$ptr + 2731688
21  chromedriver                        0x000000010520c2f4 cxxbridge1$str$ptr + 2796896
22  libsystem_pthread.dylib             0x0000000198b4c2e4 _pthread_start + 136
23  libsystem_pthread.dylib             0x0000000198b470fc thread_start + 8

2025-05-27 13:57:29,860 - WARNING - No data retrieved - crawling may have failed
2025-05-27 14:03:17,259 - INFO - Running crawler...
2025-05-27 14:03:17,259 - INFO - Loading existing data...
2025-05-27 14:03:17,259 - INFO - Crawling new data...
2025-05-27 14:03:32,530 - INFO - Loaded 12 more projects (total: 24)
2025-05-27 14:03:35,680 - WARNING - No new projects loaded, failure count: 1
2025-05-27 14:03:36,776 - WARNING - Stale element on attempt 1, retrying...
2025-05-27 14:03:40,870 - INFO - Loaded 12 more projects (total: 36)
2025-05-27 14:03:41,527 - WARNING - Stale element on attempt 1, retrying...
2025-05-27 14:03:45,629 - INFO - Loaded 12 more projects (total: 48)
2025-05-27 14:03:45,934 - WARNING - Stale element on attempt 1, retrying...
2025-05-27 14:03:50,074 - INFO - Loaded 24 more projects (total: 72)
2025-05-27 14:03:53,237 - WARNING - No new projects loaded, failure count: 1
2025-05-27 14:03:54,378 - WARNING - Stale element on attempt 1, retrying...
2025-05-27 14:03:58,531 - INFO - Loaded 12 more projects (total: 84)
2025-05-27 14:03:59,691 - WARNING - Stale element on attempt 1, retrying...
2025-05-27 14:04:01,742 - WARNING - Stale element on attempt 2, retrying...
2025-05-27 14:04:05,853 - INFO - Loaded 12 more projects (total: 96)
2025-05-27 14:04:06,979 - WARNING - Stale element on attempt 1, retrying...
2025-05-27 14:04:08,411 - WARNING - Stale element on attempt 2, retrying...
2025-05-27 14:04:12,513 - INFO - Loaded 12 more projects (total: 108)
2025-05-27 14:04:13,318 - WARNING - Stale element on attempt 1, retrying...
2025-05-27 14:04:17,450 - INFO - Loaded 12 more projects (total: 120)
2025-05-27 14:04:18,644 - WARNING - Stale element on attempt 1, retrying...
2025-05-27 14:04:20,725 - WARNING - Stale element on attempt 2, retrying...
2025-05-27 14:04:25,026 - INFO - Loaded 12 more projects (total: 132)
2025-05-27 14:04:26,142 - WARNING - Stale element on attempt 1, retrying...
2025-05-27 14:04:28,223 - WARNING - Stale element on attempt 2, retrying...
2025-05-27 14:04:33,383 - WARNING - No new projects loaded, failure count: 1
2025-05-27 14:04:36,506 - INFO - Loaded 12 more projects (total: 24)
2025-05-27 14:04:39,692 - INFO - Loaded 12 more projects (total: 36)
2025-05-27 14:04:42,854 - INFO - Loaded 12 more projects (total: 48)
2025-05-27 14:04:45,997 - INFO - Loaded 12 more projects (total: 60)
2025-05-27 14:04:49,174 - INFO - Loaded 12 more projects (total: 72)
2025-05-27 14:04:52,338 - INFO - Loaded 12 more projects (total: 84)
2025-05-27 14:04:55,512 - INFO - Loaded 12 more projects (total: 96)
2025-05-27 14:04:58,680 - INFO - Loaded 7 more projects (total: 103)
2025-05-27 14:05:14,306 - INFO - No more load button found, stopping pagination
2025-05-27 14:05:14,378 - INFO - Found 103 project links
2025-05-27 14:05:17,799 - INFO - Processed 10 projects...
2025-05-27 14:05:20,624 - INFO - Processed 20 projects...
2025-05-27 14:05:23,547 - INFO - Processed 30 projects...
2025-05-27 14:05:27,904 - INFO - Processed 40 projects...
2025-05-27 14:05:31,506 - INFO - Processed 50 projects...
2025-05-27 14:05:38,205 - INFO - Processed 60 projects...
2025-05-27 14:05:44,358 - INFO - Processed 70 projects...
2025-05-27 14:05:50,320 - INFO - Processed 80 projects...
2025-05-27 14:05:55,748 - INFO - Processed 90 projects...
2025-05-27 14:05:57,301 - WARNING - Retrying (Retry(total=2, connect=None, read=None, redirect=None, status=None)) after connection broken by 'ConnectionResetError(54, 'Connection reset by peer')': /session/e1fea11f2270b60f49ea9c7f5054924e
2025-05-27 14:05:57,302 - WARNING - Retrying (Retry(total=1, connect=None, read=None, redirect=None, status=None)) after connection broken by 'NewConnectionError('<urllib3.connection.HTTPConnection object at 0x108b51af0>: Failed to establish a new connection: [Errno 61] Connection refused')': /session/e1fea11f2270b60f49ea9c7f5054924e
2025-05-27 14:05:57,303 - WARNING - Retrying (Retry(total=0, connect=None, read=None, redirect=None, status=None)) after connection broken by 'NewConnectionError('<urllib3.connection.HTTPConnection object at 0x108b51c40>: Failed to establish a new connection: [Errno 61] Connection refused')': /session/e1fea11f2270b60f49ea9c7f5054924e
